---
source: crates/compiler/tests/tests.rs
expression: string
---
[31m[02] Error:[0m Type mismatch
   [38;5;246mâ•­[0m[38;5;246mâ”€[0m[38;5;246m[[0m<unknown>:1:13[38;5;246m][0m
   [38;5;246mâ”‚[0m
 [38;5;246m1 â”‚[0m [38;5;249ml[0m[38;5;249me[0m[38;5;249mt[0m[38;5;249m [0m[38;5;249ma[0m[38;5;249m [0m[38;5;249m=[0m[38;5;249m [0mTrue[38;5;249m;[0m[38;5;249m [0m[38;5;249m([0m[38;5;249ma[0m[38;5;249m:[0m[38;5;249m [0m[38;5;249mI[0m[38;5;249mn[0m[38;5;249mt[0m[38;5;249m6[0m[38;5;249m4[0m[38;5;249m)[0m
 [38;5;240m  â”‚[0m         â”€â”€â”¬â”€  
 [38;5;240m  â”‚[0m           â•°â”€â”€â”€ Expected type Int64 but got type Boolean
[38;5;246mâ”€â”€â”€â•¯[0m
