---
source: crates/compiler/tests/tests.rs
expression: parse_result
---
ParseBlock {
    let_bindings: [],
    final_expr: Ident {
        ann: Annotation {
            start: Position {
                offset: 0,
                row: 1,
                column: 1,
            },
            end: Position {
                offset: 3,
                row: 1,
                column: 4,
            },
        },
        var: "dog",
    },
}
