---
source: crates/compiler/tests/tests.rs
expression: parse_result
---
ParseBlock {
    let_bindings: [],
    final_expr: Error,
}
