---
source: crates/compiler/tests/tests.rs
expression: parse_errors
---
[]
