---
source: tests/tests.rs
expression: string
---
[31m[02] Error:[0m Literal type mismatch
   [38;5;246mâ•­[0m[38;5;246mâ”€[0m[38;5;246m[[0m<unknown>:1:13[38;5;246m][0m
   [38;5;246mâ”‚[0m
 [38;5;246m1 â”‚[0m [38;5;249m([0m1[38;5;249m:[0m[38;5;249m [0m[38;5;249mB[0m[38;5;249mo[0m[38;5;249mo[0m[38;5;249ml[0m[38;5;249me[0m[38;5;249ma[0m[38;5;249mn[0m[38;5;249m)[0m
 [38;5;240m  â”‚[0m  â”¬  
 [38;5;240m  â”‚[0m  â•°â”€â”€ Literal value 1 does not match type Boolean
[38;5;246mâ”€â”€â”€â•¯[0m
