---
source: tests/tests.rs
expression: string
---
[31m[01] Error:[0m Unknown integer literal
   [38;5;246mâ•­[0m[38;5;246mâ”€[0m[38;5;246m[[0m<unknown>:1:13[38;5;246m][0m
   [38;5;246mâ”‚[0m
 [38;5;246m1 â”‚[0m [38;5;249mi[0m[38;5;249mf[0m[38;5;249m [0m[38;5;249mT[0m[38;5;249mr[0m[38;5;249mu[0m[38;5;249me[0m[38;5;249m [0m[38;5;249mt[0m[38;5;249mh[0m[38;5;249me[0m[38;5;249mn[0m[38;5;249m [0m1[38;5;249m [0m[38;5;249me[0m[38;5;249ml[0m[38;5;249ms[0m[38;5;249me[0m[38;5;249m [0m[38;5;249m2[0m
 [38;5;240m  â”‚[0m              â”¬  
 [38;5;240m  â”‚[0m              â•°â”€â”€ This could be an Int8, Int16, Int32 or Int64. Consider adding a type annotation
[38;5;246mâ”€â”€â”€â•¯[0m
